// Jest Snapshot v1, https://goo.gl/fbAQLP

exports[`kosko generate --dev 1`] = `
"---
apiVersion: v1
kind: Namespace
metadata:
  annotations:
    field.cattle.io/creatorId: gitlab
    field.cattle.io/projectId: c-bd7z2:p-7ms8p
    git/branch: chore-db-schema2
    git/remote: >-
      https://gitlab-ci-token:[MASKED]@gitlab.factory.social.gouv.fr/SocialGouv/1000jours.git
    app.gitlab.com/app: socialgouv-1000jours-les1000jours
    app.gitlab.com/env: chore-d-u8fps8
    app.gitlab.com/env.name: chore-db-schema2-dev2
  labels:
    azure-pg-admin-user: les1000jours
    application: chore-d-u8fps8-les1000jours
    owner: les1000jours
    team: les1000jours
    cert: wildcard
  name: 1000jours-85-master-dev2
---
apiVersion: batch/v1
kind: Job
spec:
  backoffLimit: 5
  template:
    spec:
      containers:
        - command:
            - create-db-user
          env:
            - name: NEW_DB_NAME
              value: autodevops_4113006e
            - name: NEW_USER
              value: user_4113006e
            - name: NEW_PASSWORD
              value: password_4113006e
            - name: NEW_DB_EXTENSIONS
              value: hstore pgcrypto citext uuid-ossp
          envFrom:
            - secretRef:
                name: azure-pg-admin-user
          image: ghcr.io/socialgouv/docker/azure-db:6.0.1
          imagePullPolicy: IfNotPresent
          name: create-db-user
          resources:
            limits:
              cpu: 300m
              memory: 256Mi
            requests:
              cpu: 100m
              memory: 64Mi
      restartPolicy: Never
    metadata:
      annotations:
        app.gitlab.com/app: socialgouv-1000jours-les1000jours
        app.gitlab.com/env: chore-d-u8fps8
        app.gitlab.com/env.name: chore-db-schema2-dev2
      labels:
        application: chore-d-u8fps8-les1000jours
        owner: les1000jours
        team: les1000jours
        cert: wildcard
  ttlSecondsAfterFinished: 86400
metadata:
  annotations:
    app.gitlab.com/app: socialgouv-1000jours-les1000jours
    app.gitlab.com/env: chore-d-u8fps8
    app.gitlab.com/env.name: chore-db-schema2-dev2
  labels:
    application: chore-d-u8fps8-les1000jours
    owner: les1000jours
    team: les1000jours
    cert: wildcard
  name: create-db-job-4113006e
  namespace: 1000jours-85-master-dev2
---
apiVersion: v1
kind: Secret
stringData:
  DATABASE_URL: >-
    postgresql://user_4113006e%40les1000joursdevserver.postgres.database.azure.com:password_4113006e@les1000joursdevserver.postgres.database.azure.com/autodevops_4113006e?sslmode=require
  DB_URI: >-
    postgresql://user_4113006e%40les1000joursdevserver.postgres.database.azure.com:password_4113006e@les1000joursdevserver.postgres.database.azure.com/autodevops_4113006e?sslmode=require
  HASURA_GRAPHQL_DATABASE_URL: >-
    postgresql://user_4113006e%40les1000joursdevserver.postgres.database.azure.com:password_4113006e@les1000joursdevserver.postgres.database.azure.com/autodevops_4113006e?sslmode=require
  PGDATABASE: autodevops_4113006e
  PGHOST: les1000joursdevserver.postgres.database.azure.com
  PGPASSWORD: password_4113006e
  PGRST_DB_URI: >-
    postgresql://user_4113006e%40les1000joursdevserver.postgres.database.azure.com:password_4113006e@les1000joursdevserver.postgres.database.azure.com/autodevops_4113006e?sslmode=require
  PGSSLMODE: require
  PGUSER: user_4113006e@les1000joursdevserver.postgres.database.azure.com
metadata:
  annotations:
    app.gitlab.com/app: socialgouv-1000jours-les1000jours
    app.gitlab.com/env: chore-d-u8fps8
    app.gitlab.com/env.name: chore-db-schema2-dev2
  labels:
    application: chore-d-u8fps8-les1000jours
    owner: les1000jours
    team: les1000jours
    cert: wildcard
  name: azure-pg-user-4113006e
  namespace: 1000jours-85-master-dev2
---
apiVersion: apps/v1
kind: Deployment
metadata:
  annotations:
    kapp.k14s.io/disable-default-ownership-label-rules: ''
    kapp.k14s.io/disable-default-label-scoping-rules: ''
    app.gitlab.com/app: socialgouv-1000jours-les1000jours
    app.gitlab.com/env: chore-d-u8fps8
    app.gitlab.com/env.name: chore-db-schema2-dev2
  labels:
    app: strapi
    application: chore-d-u8fps8-les1000jours
    owner: les1000jours
    team: les1000jours
    cert: wildcard
  name: strapi
  namespace: 1000jours-85-master-dev2
spec:
  replicas: 1
  selector:
    matchLabels:
      app: strapi
  template:
    metadata:
      annotations:
        kapp.k14s.io/disable-default-ownership-label-rules: ''
        kapp.k14s.io/disable-default-label-scoping-rules: ''
        app.gitlab.com/app: socialgouv-1000jours-les1000jours
        app.gitlab.com/env: chore-d-u8fps8
        app.gitlab.com/env.name: chore-db-schema2-dev2
      labels:
        app: strapi
        application: chore-d-u8fps8-les1000jours
        owner: les1000jours
        team: les1000jours
        cert: wildcard
    spec:
      containers:
        - image: >-
            harbor.fabrique.social.gouv.fr/1000jours/les1000jours-strapi:4113006e12d735981f1d69f71fbd2f8759ad1cae
          livenessProbe:
            failureThreshold: 6
            httpGet:
              path: /_health
              port: http
            initialDelaySeconds: 30
            periodSeconds: 5
            timeoutSeconds: 5
          name: strapi
          ports:
            - containerPort: 1337
              name: http
          readinessProbe:
            failureThreshold: 15
            httpGet:
              path: /_health
              port: http
            initialDelaySeconds: 0
            periodSeconds: 5
            successThreshold: 1
            timeoutSeconds: 1
          resources:
            limits:
              cpu: 500m
              memory: 512Mi
            requests:
              cpu: 50m
              memory: 256Mi
          startupProbe:
            failureThreshold: 12
            httpGet:
              path: /_health
              port: http
            periodSeconds: 5
          volumeMounts:
            - mountPath: /app/public/uploads
              name: uploads
          envFrom:
            - secretRef:
                name: azure-pg-user-4113006e
            - configMapRef:
                name: strapi-configmap
          env:
            - name: BACKOFFICE_URL
              value: >-
                https://backoffice-chore-d-u8fps8-les1000jours.dev2.fabrique.social.gouv.fr
            - name: DATABASE_CLIENT
              value: postgres
            - name: DATABASE_NAME
              value: $(PGDATABASE)
            - name: DATABASE_HOST
              value: $(PGHOST)
            - name: DATABASE_PORT
              value: $(PGPORT)
            - name: DATABASE_USERNAME
              value: $(PGUSER)
            - name: DATABASE_PASSWORD
              value: $(PGPASSWORD)
            - name: DATABASE_SSL
              value: 'true'
      initContainers:
        - env:
            - name: WAIT_FOR_RETRIES
              value: '24'
          envFrom:
            - secretRef:
                name: azure-pg-user-4113006e
          image: ghcr.io/socialgouv/docker/wait-for-postgres:6.0.1
          imagePullPolicy: Always
          name: wait-for-postgres
          resources:
            limits:
              cpu: 20m
              memory: 32Mi
            requests:
              cpu: 5m
              memory: 16Mi
      volumes:
        - persistentVolumeClaim:
            claimName: 1000jours-strapi-uploads
          name: uploads
      nodeSelector:
        workload: les1000jours-strapi
---
kind: ConfigMap
apiVersion: v1
metadata:
  name: strapi-configmap
  annotations:
    kapp.k14s.io/disable-default-ownership-label-rules: ''
    kapp.k14s.io/disable-default-label-scoping-rules: ''
    app.gitlab.com/app: socialgouv-1000jours-les1000jours
    app.gitlab.com/env: chore-d-u8fps8
    app.gitlab.com/env.name: chore-db-schema2-dev2
  labels:
    application: chore-d-u8fps8-les1000jours
    owner: les1000jours
    team: les1000jours
    cert: wildcard
  namespace: 1000jours-85-master-dev2
data:
  STRAPI_LOG_LEVEL: debug
  NODE_ENV: production
---
apiVersion: v1
kind: Service
metadata:
  labels:
    app: strapi
    application: chore-d-u8fps8-les1000jours
    owner: les1000jours
    team: les1000jours
    cert: wildcard
  name: strapi
  annotations:
    kapp.k14s.io/disable-default-ownership-label-rules: ''
    kapp.k14s.io/disable-default-label-scoping-rules: ''
    app.gitlab.com/app: socialgouv-1000jours-les1000jours
    app.gitlab.com/env: chore-d-u8fps8
    app.gitlab.com/env.name: chore-db-schema2-dev2
  namespace: 1000jours-85-master-dev2
spec:
  ports:
    - name: http
      port: 80
      targetPort: 1337
  selector:
    app: strapi
  type: ClusterIP
---
apiVersion: extensions/v1beta1
kind: Ingress
metadata:
  annotations:
    kubernetes.io/ingress.class: nginx
    kapp.k14s.io/disable-default-ownership-label-rules: ''
    kapp.k14s.io/disable-default-label-scoping-rules: ''
    app.gitlab.com/app: socialgouv-1000jours-les1000jours
    app.gitlab.com/env: chore-d-u8fps8
    app.gitlab.com/env.name: chore-db-schema2-dev2
  labels:
    app: strapi
    application: chore-d-u8fps8-les1000jours
    owner: les1000jours
    team: les1000jours
    cert: wildcard
  name: strapi
  namespace: 1000jours-85-master-dev2
spec:
  rules:
    - host: backoffice-chore-d-u8fps8-les1000jours.dev2.fabrique.social.gouv.fr
      http:
        paths:
          - backend:
              serviceName: strapi
              servicePort: 80
            path: /
  tls:
    - hosts:
        - backoffice-chore-d-u8fps8-les1000jours.dev2.fabrique.social.gouv.fr
      secretName: wildcard-crt
---
apiVersion: v1
kind: PersistentVolumeClaim
metadata:
  name: 1000jours-strapi-uploads
  annotations: {}
spec:
  accessModes:
    - ReadWriteOnce
  resources:
    requests:
      storage: 5Gi
  volumeMode: Filesystem
"
`;
