// Jest Snapshot v1, https://goo.gl/fbAQLP

exports[`kosko generate --dev 1`] = `
"---
apiVersion: v1
kind: Namespace
metadata:
  annotations:
    field.cattle.io/creatorId: gitlab
    field.cattle.io/projectId: c-bd7z2:p-7ms8p
    git/branch: master
    git/remote: >-
      https://gitlab-ci-token:[MASKED]@gitlab.factory.social.gouv.fr/SocialGouv/1000jours.git
    app.gitlab.com/app: socialgouv-1000jours
    app.gitlab.com/env: master-dev42
    app.gitlab.com/env.name: master-dev42
  labels:
    azure-pg-admin-user: 1000jours
    application: master-dev42-1000jours
    owner: 1000jours
    team: 1000jours
    cert: wildcard
  name: 1000jours-85-master-dev42
---
apiVersion: batch/v1
kind: Job
spec:
  backoffLimit: 5
  template:
    spec:
      containers:
        - command:
            - create-db-user
          env:
            - name: NEW_DB_NAME
              value: autodevops_0123456
            - name: NEW_USER
              value: user_0123456
            - name: NEW_PASSWORD
              value: password_0123456
            - name: NEW_DB_EXTENSIONS
              value: hstore pgcrypto citext uuid-ossp
          envFrom:
            - secretRef:
                name: azure-pg-admin-user
          image: ghcr.io/socialgouv/docker/azure-db:6.26.2
          imagePullPolicy: IfNotPresent
          name: create-db-user
          resources:
            limits:
              cpu: 300m
              memory: 256Mi
            requests:
              cpu: 100m
              memory: 64Mi
      restartPolicy: Never
    metadata:
      annotations:
        app.gitlab.com/app: socialgouv-1000jours
        app.gitlab.com/env: master-dev42
        app.gitlab.com/env.name: master-dev42
      labels:
        application: master-dev42-1000jours
        owner: 1000jours
        team: 1000jours
        cert: wildcard
  ttlSecondsAfterFinished: 86400
metadata:
  annotations:
    app.gitlab.com/app: socialgouv-1000jours
    app.gitlab.com/env: master-dev42
    app.gitlab.com/env.name: master-dev42
  labels:
    application: master-dev42-1000jours
    owner: 1000jours
    team: 1000jours
    cert: wildcard
  name: create-db-job-0123456
  namespace: 1000jours-85-master-dev42
---
apiVersion: v1
kind: Secret
stringData:
  DATABASE_URL: >-
    postgresql://user_0123456%401000joursdevserver.postgres.database.azure.com:password_0123456@1000joursdevserver.postgres.database.azure.com/autodevops_0123456?sslmode=require
  DB_URI: >-
    postgresql://user_0123456%401000joursdevserver.postgres.database.azure.com:password_0123456@1000joursdevserver.postgres.database.azure.com/autodevops_0123456?sslmode=require
  HASURA_GRAPHQL_DATABASE_URL: >-
    postgresql://user_0123456%401000joursdevserver.postgres.database.azure.com:password_0123456@1000joursdevserver.postgres.database.azure.com/autodevops_0123456?sslmode=require
  PGDATABASE: autodevops_0123456
  PGHOST: 1000joursdevserver.postgres.database.azure.com
  PGPASSWORD: password_0123456
  PGRST_DB_URI: >-
    postgresql://user_0123456%401000joursdevserver.postgres.database.azure.com:password_0123456@1000joursdevserver.postgres.database.azure.com/autodevops_0123456?sslmode=require
  PGSSLMODE: require
  PGUSER: user_0123456@1000joursdevserver.postgres.database.azure.com
metadata:
  annotations:
    app.gitlab.com/app: socialgouv-1000jours
    app.gitlab.com/env: master-dev42
    app.gitlab.com/env.name: master-dev42
  labels:
    application: master-dev42-1000jours
    owner: 1000jours
    team: 1000jours
    cert: wildcard
  name: azure-pg-user-0123456
  namespace: 1000jours-85-master-dev42
---
apiVersion: apps/v1
kind: Deployment
metadata:
  annotations:
    kapp.k14s.io/disable-default-ownership-label-rules: ''
    kapp.k14s.io/disable-default-label-scoping-rules: ''
    app.gitlab.com/app: socialgouv-1000jours
    app.gitlab.com/env: master-dev42
    app.gitlab.com/env.name: master-dev42
  labels:
    app: strapi
    application: master-dev42-1000jours
    owner: 1000jours
    team: 1000jours
    cert: wildcard
  name: strapi
  namespace: 1000jours-85-master-dev42
spec:
  replicas: 1
  selector:
    matchLabels:
      app: strapi
  template:
    metadata:
      annotations:
        kapp.k14s.io/disable-default-ownership-label-rules: ''
        kapp.k14s.io/disable-default-label-scoping-rules: ''
        app.gitlab.com/app: socialgouv-1000jours
        app.gitlab.com/env: master-dev42
        app.gitlab.com/env.name: master-dev42
      labels:
        app: strapi
        application: master-dev42-1000jours
        owner: 1000jours
        team: 1000jours
        cert: wildcard
    spec:
      containers:
        - image: >-
            harbor.fabrique.social.gouv.fr/1000jours/les1000jours-strapi:0123456789abcdefghijklmnopqrstuvwxyz0123
          livenessProbe:
            httpGet:
              path: /_health
              port: http
          name: strapi
          ports:
            - containerPort: 1337
              name: http
          readinessProbe:
            httpGet:
              path: /_health
              port: http
          resources:
            requests:
              cpu: 50m
              memory: 256Mi
            limits:
              cpu: 500m
              memory: 1Gi
          startupProbe:
            httpGet:
              path: /_health
              port: http
          volumeMounts:
            - mountPath: /app/public/uploads
              name: uploads
          envFrom:
            - secretRef:
                name: azure-pg-user-0123456
            - secretRef:
                name: azure-les1000jours-volume
            - configMapRef:
                name: strapi-configmap
          env:
            - name: BACKOFFICE_URL
              value: >-
                https://backoffice-master-dev42-1000jours.dev42.fabrique.social.gouv.fr
            - name: DATABASE_CLIENT
              value: postgres
            - name: DATABASE_NAME
              value: $(PGDATABASE)
            - name: DATABASE_HOST
              value: $(PGHOST)
            - name: DATABASE_PORT
              value: $(PGPORT)
            - name: DATABASE_USERNAME
              value: $(PGUSER)
            - name: DATABASE_PASSWORD
              value: $(PGPASSWORD)
            - name: DATABASE_SSL
              value: 'true'
      volumes:
        - persistentVolumeClaim:
            claimName: uploads
          name: uploads
      initContainers:
        - env:
            - name: WAIT_FOR_RETRIES
              value: '24'
          envFrom:
            - secretRef:
                name: azure-pg-user-0123456
          image: ghcr.io/socialgouv/docker/wait-for-postgres:6.26.1
          imagePullPolicy: Always
          name: wait-for-postgres
          resources:
            limits:
              cpu: 20m
              memory: 32Mi
            requests:
              cpu: 5m
              memory: 16Mi
---
apiVersion: bitnami.com/v1alpha1
kind: SealedSecret
metadata:
  annotations:
    sealedsecrets.bitnami.com/cluster-wide: 'true'
    kapp.k14s.io/disable-default-ownership-label-rules: ''
    kapp.k14s.io/disable-default-label-scoping-rules: ''
    app.gitlab.com/app: socialgouv-1000jours
    app.gitlab.com/env: master-dev42
    app.gitlab.com/env.name: master-dev42
  name: azure-les1000jours-volume
  labels:
    application: master-dev42-1000jours
    owner: 1000jours
    team: 1000jours
    cert: wildcard
  namespace: 1000jours-85-master-dev42
spec:
  encryptedData:
    azurestorageaccountkey: >-
      AgASgwrqJJTwfTReL3VNlrenQa04pi/Ul80Bi/gzw5qWi6FbcDjMp+UjzNvGx+EL3VkuNspitCh5L1+Hz+zF49mBjE7joNtIUI5d6rnVkS/DSsei6wthpfU747hEpwSd1ZNNYobmMcmCDtcwX1RrgMcukQqRM/pSCTzLTs8mCvB1AYZ8FaOwOTmnG9R+OzoTIop7HNbgJEyCOdxWY+4UQNHGb3tVLfgE8wpZECYQ1c21kx63vAQyEdHlg6eKaMHqPNHufPhDy6E6cYsUNN/vW5oeeZs6AYeAPiXPMTvIH4OdVUMhPzffP1MdrLbwBOvOb1QQmtomH/nhbttO+2mtEQ4Qp4Aqvh7rtD0sUaS4UONd9gm6FrTpg2WZct5xya5s9VPg1bG3iQnQCZEsfzGIoIbrLo02DadPLQvY/5V/PbmzyK9jrMB0P2M25OvY7noS9c4IJ6p4XlPSGmfkMzYNQcM6KkTJT/794EeQVuu8E/gypTByaSSPgBXjqZJk3MckGATQvQ5YQ1cjPysyTNxAnYDq/ouPIIYiQF6Lg7kSj+N4NZZg5HyMBcOUrDqynG8cBkyHZVuwkS0agxXCk/fxTjG2Vi/gZhNAYbaAi1UPI59hT8xs0uqzuwn4a97tFnvhAD0Y6Sngjv0OLXniLp1D0lpSWwZL0HQCAo/qHea5ifkA1tOavluB5Xmk7BKVioJsNsTfK7kHcf+oeWWq4X9MA0S4Ap0D4a3aQJGu6cB/WR3U80aLYvnYHpUE+iwLRUp6+p0YfTeXXQKYBdqH/UGSzIy4Xzk03yXfbwJ5deWQCoPTYJYAhC+JT7Eq
    azurestorageaccountname: >-
      AgANbUFD/dvNvvdc7tbxYvarpvhi3VQ/qr9V+XO92ZL6hWhQ9dJnMJjMH4tP+8EJCbAoeAPD9gFvrRZZIJlWQip1ONRkDlcHFqEqoa1R/YmbfY9Hx9bAG2vhV4He6dwyRJGXEDD45uh5asL2g/zEh9e7eSJzzDbQbENloOnH/g8y/RUf7d851U8eP2G1fwXbBMLTGCCmuPWhk471rW0E0Dhr340pL6K2iVEfhxUTrhfcgnuotG/wgrkkTyX17DJdTs5xHS63chvf52akk35PRhAFHQXPBK9mcopeLlackGpECcoCMbtO0E63/8MXjj+keoHO6yaWoFtV5nI6E15lSpBRCC9L79/SvdjbYXb2zIOPIlket6Tdeu0wIRY3pza1thaP2cx3XqEMa25M5oRUpSdYt7jiC/63DPTrkpTnuyaIshvcIZ4KUl8YRdGTZOtWSJU6lSMWjhFXNS1Hpf1NZdb3L2uJeOYUesqFTRl0aod65O91Sn2Utfwh2Pvg9ENjQ/yI/3II5Gca1TEINty2KHqMXa3cB5/ZK9yuspLlAnv2cS9Xlm2R4S+EOO43hDPrkzmFDaWwcW+6dmbrJKNlNGKpKJmZ/4ACqh1f2wH6gTlTYodD+M+w946+K02KgWTAVmTmVvySo/okj5o4PDjp2QRU0GDOMgbVr87Yb71VoM5HGesyR9mPPbo+TXsFZVDRjUNLA4QcJle8NP8+fIu/qMw=
  template:
    metadata:
      annotations:
        sealedsecrets.bitnami.com/cluster-wide: 'true'
        kapp.k14s.io/disable-default-ownership-label-rules: ''
        kapp.k14s.io/disable-default-label-scoping-rules: ''
        app.gitlab.com/app: socialgouv-1000jours
        app.gitlab.com/env: master-dev42
        app.gitlab.com/env.name: master-dev42
      name: azure-les1000jours-volume
      labels:
        application: master-dev42-1000jours
        owner: 1000jours
        team: 1000jours
        cert: wildcard
    type: Opaque
---
apiVersion: v1
kind: ConfigMap
metadata:
  name: strapi-configmap
  annotations:
    kapp.k14s.io/disable-default-ownership-label-rules: ''
    kapp.k14s.io/disable-default-label-scoping-rules: ''
    app.gitlab.com/app: socialgouv-1000jours
    app.gitlab.com/env: master-dev42
    app.gitlab.com/env.name: master-dev42
  labels:
    application: master-dev42-1000jours
    owner: 1000jours
    team: 1000jours
    cert: wildcard
  namespace: 1000jours-85-master-dev42
data:
  STRAPI_LOG_LEVEL: debug
  NODE_ENV: production
---
apiVersion: v1
kind: Service
metadata:
  labels:
    app: strapi
    application: master-dev42-1000jours
    owner: 1000jours
    team: 1000jours
    cert: wildcard
  name: strapi
  annotations:
    kapp.k14s.io/disable-default-ownership-label-rules: ''
    kapp.k14s.io/disable-default-label-scoping-rules: ''
    app.gitlab.com/app: socialgouv-1000jours
    app.gitlab.com/env: master-dev42
    app.gitlab.com/env.name: master-dev42
  namespace: 1000jours-85-master-dev42
spec:
  ports:
    - name: http
      port: 80
      targetPort: 1337
  selector:
    app: strapi
  type: ClusterIP
---
apiVersion: extensions/v1beta1
kind: Ingress
metadata:
  annotations:
    kubernetes.io/ingress.class: nginx
    kapp.k14s.io/disable-default-ownership-label-rules: ''
    kapp.k14s.io/disable-default-label-scoping-rules: ''
    app.gitlab.com/app: socialgouv-1000jours
    app.gitlab.com/env: master-dev42
    app.gitlab.com/env.name: master-dev42
    nginx.ingress.kubernetes.io/proxy-body-size: 1g
  labels:
    app: strapi
    application: master-dev42-1000jours
    owner: 1000jours
    team: 1000jours
    cert: wildcard
  name: strapi
  namespace: 1000jours-85-master-dev42
spec:
  rules:
    - host: backoffice-master-dev42-1000jours.dev42.fabrique.social.gouv.fr
      http:
        paths:
          - backend:
              serviceName: strapi
              servicePort: 80
            path: /
  tls:
    - hosts:
        - backoffice-master-dev42-1000jours.dev42.fabrique.social.gouv.fr
      secretName: wildcard-crt
---
apiVersion: v1
kind: PersistentVolumeClaim
metadata:
  name: uploads
  annotations:
    app.gitlab.com/app: socialgouv-1000jours
    app.gitlab.com/env: master-dev42
    app.gitlab.com/env.name: master-dev42
  labels:
    application: master-dev42-1000jours
    owner: 1000jours
    team: 1000jours
    cert: wildcard
  namespace: 1000jours-85-master-dev42
spec:
  accessModes:
    - ReadWriteMany
  resources:
    requests:
      storage: 5Gi
  selector:
    matchLabels:
      usage: master-dev42-1000jours-uploads
  storageClassName: ''
---
apiVersion: v1
kind: PersistentVolume
metadata:
  labels:
    usage: master-dev42-1000jours-uploads
    application: master-dev42-1000jours
    owner: 1000jours
    team: 1000jours
    cert: wildcard
  name: master-dev42-1000jours-uploads
  annotations:
    app.gitlab.com/app: socialgouv-1000jours
    app.gitlab.com/env: master-dev42
    app.gitlab.com/env.name: master-dev42
  namespace: 1000jours-85-master-dev42
spec:
  accessModes:
    - ReadWriteMany
  azureFile:
    secretName: azure-1000jours-volume
    secretNamespace: 1000jours-85-master-dev42
    shareName: uploads
  capacity:
    storage: 5Gi
  persistentVolumeReclaimPolicy: Delete
  storageClassName: ''
"
`;
