// Jest Snapshot v1, https://goo.gl/fbAQLP

exports[`kosko generate --dev jobs/restore 1`] = `
"---
apiVersion: batch/v1
kind: Job
metadata:
  name: copy-db-0123456
  annotations:
    app.gitlab.com/app: socialgouv-1000jours
    app.gitlab.com/env: master-dev42
    app.gitlab.com/env.name: master-dev42
    kapp.k14s.io/update-strategy: skip
  namespace: 1000jours-85-master-dev42
spec:
  backoffLimit: 0
  template:
    metadata: {}
    spec:
      containers:
        - command:
            - sh
            - '-c'
            - >

              [ ! -z $FROM_DATABASE ] || (echo \\"No FROM_DATABASE\\"; exit 1)

              [ ! -z $TO_DATABASE ] || (echo \\"No TO_DATABASE\\"; exit 1)


              OUTFILE=\\"/tmp/out.sql\\"


              echo \\"dumping to \${OUTFILE} from \${FROM_DATABASE##*@}\\"

              pg_dump --clean --verbose --no-owner --no-acl -U postgres -f
              \${OUTFILE} --dbname \${FROM_DATABASE}


              echo \\"restoring from \${OUTFILE} to \${TO_DATABASE##*@}\\"

              cat \${OUTFILE} | psql \${TO_DATABASE}


              echo \\"Finished\\"


              exit 0
          env:
            - name: FROM_DATABASE
              valueFrom:
                secretKeyRef:
                  name: azure-pg-user-develop
                  key: DATABASE_URL
            - name: TO_DATABASE
              valueFrom:
                secretKeyRef:
                  name: azure-pg-user-master
                  key: DATABASE_URL
          envFrom: []
          image: postgres:11
          imagePullPolicy: IfNotPresent
          name: copy-db
          resources:
            limits:
              cpu: 300m
              memory: 512Mi
            requests:
              cpu: 100m
              memory: 64Mi
          volumeMounts: []
      restartPolicy: OnFailure
      volumes: []
  ttlSecondsAfterFinished: 86400
---
apiVersion: v1
kind: Secret
stringData:
  DATABASE_URL: >-
    postgresql://user_develop%401000joursdevserver.postgres.database.azure.com:password_develop@1000joursdevserver.postgres.database.azure.com/autodevops_develop?sslmode=require
  DB_URI: >-
    postgresql://user_develop%401000joursdevserver.postgres.database.azure.com:password_develop@1000joursdevserver.postgres.database.azure.com/autodevops_develop?sslmode=require
  HASURA_GRAPHQL_DATABASE_URL: >-
    postgresql://user_develop%401000joursdevserver.postgres.database.azure.com:password_develop@1000joursdevserver.postgres.database.azure.com/autodevops_develop?sslmode=require
  PGDATABASE: autodevops_develop
  PGHOST: 1000joursdevserver.postgres.database.azure.com
  PGPASSWORD: password_develop
  PGRST_DB_URI: >-
    postgresql://user_develop%401000joursdevserver.postgres.database.azure.com:password_develop@1000joursdevserver.postgres.database.azure.com/autodevops_develop?sslmode=require
  PGSSLMODE: require
  PGUSER: user_develop@1000joursdevserver.postgres.database.azure.com
metadata:
  annotations:
    app.gitlab.com/app: socialgouv-1000jours
    app.gitlab.com/env: master-dev42
    app.gitlab.com/env.name: master-dev42
  labels:
    application: master-dev42-1000jours
    component: master-dev42-1000jours
    owner: 1000jours
    team: 1000jours
    cert: wildcard
  name: azure-pg-user-develop
  namespace: 1000jours-85-master-dev42
"
`;
