// Jest Snapshot v1, https://goo.gl/fbAQLP

exports[`kosko generate --preprod 1`] = `
"---
apiVersion: v1
kind: Namespace
metadata:
  annotations:
    socialgouv/creator: autodevops
    field.cattle.io/creatorId: gitlab
    field.cattle.io/projectId: c-bd7z2:p-7ms8p
    git/branch: refs/tags/v1.2.3
    git/remote: socialgouv/1000jours
    app.github.com/job: '5678'
    app.github.com/ref: refs/tags/v1.2.3
    app.github.com/repo: socialgouv/1000jours
    app.github.com/run: '1234'
    app.github.com/sha: '0123456'
  labels:
    azure-pg-admin-user: 1000jours
    application: 1000jours
    component: 1000jours
    owner: 1000jours
    team: 1000jours
    cert: wildcard
  name: 1000jours-preprod
---
apiVersion: apps/v1
kind: Deployment
metadata:
  annotations:
    kapp.k14s.io/disable-default-ownership-label-rules: ''
    kapp.k14s.io/disable-default-label-scoping-rules: ''
    app.github.com/job: '5678'
    app.github.com/ref: refs/tags/v1.2.3
    app.github.com/repo: socialgouv/1000jours
    app.github.com/run: '1234'
    app.github.com/sha: '0123456'
  labels:
    app: strapi-cache
    application: 1000jours
    component: 1000jours
    owner: 1000jours
    team: 1000jours
    cert: wildcard
  name: strapi-cache
  namespace: 1000jours-preprod
spec:
  replicas: 1
  selector:
    matchLabels:
      app: strapi-cache
  template:
    metadata:
      annotations:
        kapp.k14s.io/disable-default-ownership-label-rules: ''
        kapp.k14s.io/disable-default-label-scoping-rules: ''
        app.github.com/job: '5678'
        app.github.com/ref: refs/tags/v1.2.3
        app.github.com/repo: socialgouv/1000jours
        app.github.com/run: '1234'
        app.github.com/sha: '0123456'
      labels:
        app: strapi-cache
        application: 1000jours
        component: 1000jours
        owner: 1000jours
        team: 1000jours
        cert: wildcard
    spec:
      containers:
        - image: nginx:1.19.6
          livenessProbe:
            failureThreshold: 6
            httpGet:
              path: /_health
              port: http
            initialDelaySeconds: 15
            periodSeconds: 5
            timeoutSeconds: 15
          name: strapi-cache
          ports:
            - containerPort: 80
              name: http
          readinessProbe:
            failureThreshold: 15
            httpGet:
              path: /_health
              port: http
            initialDelaySeconds: 5
            periodSeconds: 5
            successThreshold: 1
            timeoutSeconds: 3
          resources:
            limits:
              cpu: '1'
              memory: 1Gi
            requests:
              cpu: 5m
              memory: 256Mi
          startupProbe:
            failureThreshold: 12
            httpGet:
              path: /_health
              port: http
            periodSeconds: 5
            initialDelaySeconds: 0
            timeoutSeconds: 15
          env:
            - name: UPSTREAM
              value: http://strapi
            - name: MAX_SIZE
              value: 1024m
          volumeMounts:
            - mountPath: /var/cache/nginx
              name: strapi-cache
            - mountPath: /etc/nginx/nginx.conf
              subPath: nginx.conf
              name: config
      volumes:
        - name: strapi-cache
          emptyDir: {}
        - name: config
          configMap:
            name: strapi-cache
---
apiVersion: v1
kind: Service
metadata:
  labels:
    app: strapi-cache
    application: 1000jours
    component: 1000jours
    owner: 1000jours
    team: 1000jours
    cert: wildcard
  name: strapi-cache
  annotations:
    kapp.k14s.io/disable-default-ownership-label-rules: ''
    kapp.k14s.io/disable-default-label-scoping-rules: ''
    app.github.com/job: '5678'
    app.github.com/ref: refs/tags/v1.2.3
    app.github.com/repo: socialgouv/1000jours
    app.github.com/run: '1234'
    app.github.com/sha: '0123456'
  namespace: 1000jours-preprod
spec:
  ports:
    - name: http
      port: 80
      targetPort: 80
  selector:
    app: strapi-cache
  type: ClusterIP
---
apiVersion: networking.k8s.io/v1
kind: Ingress
metadata:
  annotations:
    kubernetes.io/ingress.class: nginx
    kapp.k14s.io/disable-default-ownership-label-rules: ''
    kapp.k14s.io/disable-default-label-scoping-rules: ''
    app.github.com/job: '5678'
    app.github.com/ref: refs/tags/v1.2.3
    app.github.com/repo: socialgouv/1000jours
    app.github.com/run: '1234'
    app.github.com/sha: '0123456'
    nginx.ingress.kubernetes.io/proxy-body-size: 1g
    nginx.ingress.kubernetes.io/limit-rps: '20'
    nginx.ingress.kubernetes.io/limit-rpm: '300'
  labels:
    app: strapi-cache
    application: 1000jours
    component: 1000jours
    owner: 1000jours
    team: 1000jours
    cert: wildcard
  name: strapi-cache
  namespace: 1000jours-preprod
spec:
  rules:
    - host: backoffice-1000jours-preprod.dev2.fabrique.social.gouv.fr
      http:
        paths:
          - backend:
              service:
                name: strapi-cache
                port:
                  name: http
            path: /
            pathType: Prefix
  tls:
    - hosts:
        - backoffice-1000jours-preprod.dev2.fabrique.social.gouv.fr
      secretName: wildcard-crt
---
apiVersion: v1
kind: ConfigMap
metadata:
  name: strapi-cache
  labels:
    application: 1000jours
    component: 1000jours
    owner: 1000jours
    team: 1000jours
    cert: wildcard
  annotations:
    app.github.com/job: '5678'
    app.github.com/ref: refs/tags/v1.2.3
    app.github.com/repo: socialgouv/1000jours
    app.github.com/run: '1234'
    app.github.com/sha: '0123456'
  namespace: 1000jours-preprod
data:
  nginx.conf: |-

    events {
      worker_connections 1024;
    }

    http {
      include mime.types;
      default_type application/octet-stream;
      sendfile on;
      keepalive_timeout 65;
      client_max_body_size 1024m;

      proxy_buffering on;
      proxy_cache_path /var/cache/nginx levels=1:2 keys_zone=small:128m inactive=1h max_size=5g use_temp_path=off;

      map $request_uri $nocache {
        \\"~*nocache\\" 1;
      }

      server {
        listen 80;
        server_name localhost;

        location /uploads {
          try_files $uri @api_backend;
        }

        location /graphql {
          try_files $uri @api_backend;
        }

        location / {
          proxy_pass http://strapi:80;
        }

        location @api_backend {
          error_page 418 = @no_cache;
          recursive_error_pages on;

          if ($nocache) {
            return 418;
          }

          proxy_ignore_headers Cache-Control;
          proxy_cache small;
          proxy_cache_methods GET POST;
          proxy_pass http://strapi:80;
          proxy_cache_key \\"$request_uri|$request_body\\";
          proxy_cache_valid any 1h;
          proxy_buffers 8 32k;
          proxy_buffer_size 64k;
          proxy_cache_use_stale updating;
          add_header X-Cached $upstream_cache_status;
        }

        location @no_cache {
          proxy_pass http://strapi:80;
        }
      }
    }
---
apiVersion: autoscaling/v2beta2
kind: HorizontalPodAutoscaler
metadata:
  name: strapi-cache
  namespace: 1000jours-preprod
spec:
  maxReplicas: 5
  metrics:
    - resource:
        name: cpu
        target:
          averageUtilization: 100
          type: Utilization
      type: Resource
    - resource:
        name: memory
        target:
          averageUtilization: 100
          type: Utilization
      type: Resource
  minReplicas: 2
  scaleTargetRef:
    apiVersion: apps/v1
    kind: Deployment
    name: strapi-cache
---
apiVersion: bitnami.com/v1alpha1
kind: SealedSecret
metadata:
  annotations:
    sealedsecrets.bitnami.com/cluster-wide: 'true'
    app.github.com/job: '5678'
    app.github.com/ref: refs/tags/v1.2.3
    app.github.com/repo: socialgouv/1000jours
    app.github.com/run: '1234'
    app.github.com/sha: '0123456'
  name: azure-pg-user
  namespace: 1000jours-preprod
  labels:
    application: 1000jours
    component: 1000jours
    owner: 1000jours
    team: 1000jours
    cert: wildcard
spec:
  encryptedData:
    DATABASE_URL: >-
      AgCB1fkV1blajPPmZQaIGWirZSngaKDpOePDKCDJb8KFwnVXp8kleD34BMOdNiZjCBlnvXnD688jb9QNsmKdlg8Vw38kOmzayVo+CDQ31K4UZxO9ZRXsoWhb2FMjAFBhlknGxdpSmt9OoiYbRBUBEH7DEVpO91kUofAX4buJtLY4dxwHL/TvORNakpjmBP4OsoyORmYLPwRjktPuTgt4FzPuKkJOBdn/7gmzaVczV60X1OQC8yVi3Tymua4bpvy82lSAPgpPuz0qgK8eAvbhc3WHv3DUY9/qXp/JtHmQXTbLOWQ2PZrlrXnqWMQctr54azTB0OOHmeN4lJ2HyxuZiKfkBvQmNOaIaGEKvYLUeuDMCAR3JCTGRTuzruWaiuiQa7Vv7q9aOOYDqGVXXomKP+9G0LO729oVqTZuyRVIkiqQR6htSeUZar7USYSONXyNd71K1iyEes5hD/26M5j8sst6DSSoruQYXYInBqO6UTCe3Cj/91F+DSVGith3baBwof0Qlf6wZ4cQj2rRVUQrPQMZY471Ddutso4CtVZFospJ0eFhSG9CceWMZWv4s12FAjEze3pfNX0bf1o97EsIoH6KjdmfPO583IA2WURdtAm94S61pEjSctic/YPpnZ0P49maa2bm/oyWDpRx1PU99x5wwrL8jfamRdCouuJYV/gCrm1Qt0KaL71MDvsu2AFTHVZSoV7DO9inNqfrDegiHUO6ZDEP4aTOyJ8hB/+eyJ+7F4FoFznoUbPLJ9qtUNbON5yrFlUDsNcT/EL4GI1BN171fwQbWeDjlDUqFdXtmbSMFDTIZduxocu0Q+cEAUKztYDK7lQdnCZcjYNU3it7D1zkJGlccroKvy87Qjm1HPOcqje+j+sKLplujLMpQ6t/IrEgiG4qalLI8m65vFaue6T6PyMtuRF9i2id3KIkRWPSwe7kO2yfCNAEH/8=
    DB_URI: >-
      AgB4UjspqG4hl/Xyldn62wnFwy+RaI8Jx9GzhbC+eWAZLS98JVRhs7R55KkrmEJUUKdOpRSPA/tUNxPxGgqU5HJb6lQbuOKONSterrCEa4FrFcNY38YsYAw+cOiEKH5KBmLxMFYJa9EpR5AvnKr6IUDR//ugtEgyiHF8p8hA8XheXUI7xSUqAm3QXD38EscgkHQIFI4lKuMOYIG4JaQVmA0+DVQWC5cX0z2p2eoC3allj9b36K2Jy/IEuazx+IJstjinqVMT1vKdABHbQVLPK/y1vQZsCvvubztvICiPdKZ7hXp0DlGatQBO+0Q1ekVrvkTKjYh/qCY/ygtQAk0pCC821x2ii4cXujw/WsR4fUEEM+jLOO+K7sdOyrzTq0EU7jMTyRdYQ5xaXHs80BPG6VGEx34G3mPJeVP/eDjTlYUCJd7nAD8QHro0qJU5Z4QZdezIJDC273+cmBwhXZ6vTRhRKJSe12h32z4s3TK+xxkpw1dLqCM2ndA8n8brukh39RL4OCqeQRVn7kXdbzqUHKEQbw8xRMfCBBRgS6MIhnPsTl3X8Kw1jZ6wVfSR2Rpfbx2yg16kaU8no/5KJe+9ff1YLyAxpGt90e6Clzx46MfCXRcXDpTBVZF3x1JY85035eCj7KT6xzk2kB5BxmOddvAVzF5DMFFq6uFzDYsRjO6a5FtYSLI9W0bbnpe/uqvi2sCyqdStuLeI5OFXt/wSrVpaYiqRoTyVTgpkBhijyRoZiXfAmZrSd3yKXB0xFn9EiFhG5xuSUeJi/yoaB0BWWi3FuowXB8VYRF8POOeRBCI541ZOa27pJTEhuT3xMhx9E8S1yVCRvVdnR3JLOFrCsyVjyVHtpZAi8H12Dv+aTl8L1ZhTUDZMtsuj2ZFwTok7lH13AOHWRIcC9DCj0I6D6B9LG8SAhQi0UZU15tQyHxNz8OknZxXkvNrW6JE=
    HASURA_GRAPHQL_DATABASE_URL: >-
      AgDWtcSZS3KOjf75inK10q9lZ3+gU1zc0MjzWUasn+tH9VALKpDCNOsZDKP9k+w0vD+wFGLTEZD9Ek+QEiWWuyEssOplufJpQR7nDGtwqbbzsHwygGoUA6QgJOQC+sVXVN7GEvVDNGGwGFD7eAg0ZU0FxfFhbwp5SfOYY2fNuv4ib6pYKRbYyEs2/Iq+bK0hMzIpSG3fpSD0InNyBi9Mvb7mFq5R5VtTpw3++nJVrQwi6hv5PsOCPMQPdjhVQPc0NRh0SxDLbaoLCFCN4XoztlwDF0ScUd6HigEbn0K8DApO0DstliUClH4KW/DpTgqoTxKOAgp6Q4WzLrpythC6A4zuW36hBERt9uqxq16XhFg1M3CGZ+9dgDTquekG7AFYEooLMOuEpuYexMfOrRDCvS6WXN6X88nDJzYBnsPaEMHuwNbNzX2G/5PDQzmtLaSdTvV4fUwgAUohsKk2pYrHVPhDoE2TYFoiHWCw222lZ3eyFJc6fEGX71G0oEia07BZlTAG5mNlvPRjEoSxL/fd4+x1nhXX3WVK3JUQ3zc/rUZR7MVHwYLqLciG1qngaaAq+4yrDakcPFLKmMjhJqvXHBIU0hKUTPi3CRHuXNrm8RGoZlRrAuYeJr0RItKF14ssJCnGe0aZV3bbALO982Bo6KR78crZnjrBKfjJwYU6+yjb3VWyCb6u/BfURw3kRD9lJ1e4svGhalCP+n1Vzqb/Hq+nZHReJtAjHmoA3m+/XgBVoPNlIGXjxWM2R5xx4S/LpprPnIMidwuXRWiliefwT2NgY5yhy18C8ohk+qwsdI3AgPG0+SX4YR5A4azEiMxuo5Shv24zdlDD794uVhUVWRrRPJ1QhNeM1i3nO0Yx55fqSYOZqBZ9U/DLQQOx7kEKJiYXf7xyXkfdtJl24ZWq89MnUCMs6/zv2fMWmUjZE/l80j7Kli/NnHbEqF8=
    PGDATABASE: >-
      AgBMPZAWblOxiaUiNfojDMPCm+nzo0e3C4pPqEYIEld/N2ZVEgcBqg4J8X48gZ9mNPVvI4FMtTaFSqpWXgpYn4OPbxb4cjQc6C2reocFy52bavjQ1pA9JJg8xoonWeYzwohlUuuD1xuXqw6UR8QlulB32xJsFEgtmsybQ+aiSJM7rSelnTbV/reKU5SAWi5DLIF9dhfa1ymHdD0ht2uGsKe9dGf39NQbPZF+86B3S4AiuYzYlFzg5OftgQ6vO/RUqVtgUctOPO6R0d8Gmbiz5wQHQDZnJUSpWTgjW6zzRtOhBL7DOOd+gMzl59oYwBXlvfxQaw8RJtDewaPPS79eaeFs4rY0mRU3Bit05IeaXfYUcDexxxLR1x7iPRCn16nkKH8gu3BiHlzkWGiSaQQAi8tXuMsIe3mo9RX95jzqLsvFeqTFE5/b2i10QkhW/qj0zQomC1sSbYwNq/9nKzBk2dc/dmFe24HGQn3SIIL3XRyJS9VrBKhy1eU5uj1pq/iDeDCERtVZjwY2M7GKpPgmXSitr01t1lVyZXIFoiDpmxQM8jQSDMeYfgyBkvnx1OaHtFp6eIGK0WzgS/F0kqN9YVoGRwnDi7V356adFdlcAgOAnkCHXE7h/CqA2hczWtehoyuikzeB+J+L/dZfReY6IiRj5K05gF+roEZf6CEgLh/fGnt7z4Dkmpc381qZeSeShaSX5vVhQQ6S
    PGHOST: >-
      AgAWRuc3r8JAhvSLM8RoefDHwf/p4tGOWp+nI+Jgy23/+GmIjeOH+b4LygtkZkKVr0cNL0svObb9sm6zoDoWFMN4oA+jTydrHtZG8lbRc5s4I37HXqcZpalcDPEc2XVEhdEG8OXcVU7ePitQscqrqtGYmbaBvNICaw4vsU2rD2riP+6V0Fs6uVAfq5B7Srb+hDICVvqE9aq36k9M1Bez8DnHFxai4AkN5OYVwtoimc2aO0NwW3GTip/aFwPIKviB2M3jOukKQ5684qfLCZNOZ3p/t5X7cURcHliA4PhXFXMwsZy15OVGsCdmnEEMs6ErYd7LiN+puNGD1S6JRqGZpukqwBphA0MMmyxiEaUrXFpQipeHmPcBkPbYC6hhE6XlHoV5aoCY9faMCFrvaArbljTA1xxbCKJuKw1kY/Ur8rGV4q83TQ2vm1kEhk8p5+Gl4LWh8Hkl23SB5egwqNjzkZowrmykzN9Mtw7VgDIW24Zr+HdvqGl5G6s1GTQSmuI5KP06wxyybMQz2/3Jztoop1XKhSIVzgR32Z1zQWkYrNv8zYJpxDMJ62fbg9/GS/9CIulfpvrYkp4zia7dofxtzlyb5ljQQt+2hOb7YyvxiOabQPyZXsVFMx+K3HW2/hmPF+72yACn3FgP6a/kNLco/Ld2h6Qh4s4g5ESJOXJgPmcwsoGn7jIMtzXpo6R3vTgKqLNzyi7/anE82sKx+xPRNqq1Hbl6Qp8ScRfiegK/6ALBG879s4TzNUeqbrdHvdNBmw82
    PGPASSWORD: >-
      AgCdj8kDKaKGN0UNQtZG4OGriNaGQ/hDrWRORBk+eQ4H8UCQPQqq47A2UQSuGXi/T5Bpqoxf16LGMTHxMjnLc5smdh1EKcphHlarKNx7QVcEDI5VOhegYr9ftmQ7pGw7IiSV8jitVsBTOCIzz6IPmo/ZK9Jn9Ah5K9diTvc9Pn5aC6nXKlJ929ocnoD0SI6cIHbr5oBOiFT4yK6r7JMW5O/BHe3sLH8H8wplcq6ysZn794fXH9Vr2E3wekN4/d7e6oOCPBbEkPidiZknVitWkPxeKnTTVuzMWNKLR5yDqywvFGY6/vsUyqYO4wemF0n4n2ch3D2xVyRUCBNFnBuNT6IHOfolJ5OkbIC50NMLOGQ10u1QNK6ekixDIW/nIQoTl/Lr8r1OPWbiDY5ig2GOJLxgoWd6YqWVF7q3obyCSV73BRzYHE5Sw79LFJ4LEsTT3+J5dfXuIdD4Y/0Q7vUlrC1qh2Y8IMWPTyV9QyXzYn4bpLynPZRnL0siL6LtHDXwJUA1IIAPsU6xk6PyRuDR/pX/Jcv3BGUbLoyQpTPKthAyjPcrbPgJQfEKVkf3KTVYQesN2osdupJ+UAv5Na4sqFys0XVaAOuxHLBLVgFkGn48O77gj3uoofx417BEMhEPVYX95vffbZhEti0vI3s/09CCys4XjqMlYis3sVY0DB1xqG0o9AHcK7tj9VqoBcQWmNa2Kw7btk2sXq+zxtOlN9d8arjU+nbNUvt4xiI1jP4kJFPBeJCIn6M=
    PGRST_DB_URI: >-
      AgBu+kRUOZ2GEoCNcP9WXwQ5LLQqvNnKPBUYp7OlgL1RXtds5lBfTqc4a9s9lX84DT5jCldKLnsEmEQEXdj8waKM4rH9VVU+E5rg5Byp+nPMuqwnVkswsSZmxXSGc2GWh/1A8SGjkQ+bCJTa6iTj6tvVZUFPLEvfAiqwRhnh7Rx02n9T8oG84shKnEV/7GBOe7oRsSfz+/RvXcjG+oBXVIDgJC7EvfXGIWsAxD6zFLC7TC6LUSYMwGeB8oAG5AWziZ1SR0j8w8FTl+Dvvej62bRF0foyN7NiP1Lxl8ixhb+j9y/SqQRvjD5VIag9Lqw/PDBQeGRsZ9dOplSAmvO7KRuS7EzWlTw8hte8lumn8fyj3uRkibCpAYXemTE62dR5rGQnGUV7lrU+3anvsLEBWOrQureExgKdsfkiG9uyD7cOlAOec47+BV9aWT6ijuGG61dzvsHqVeXbAHwbEZT5Mz3PbhPyKQRx16hrNZQV5FMj0NfMI3EARFUK9o7wOaXNUeX4+A2DRf+edmtkonKkV0EeI0r8SMMEtxchE4gAmMrnylveuD18stimJKOITD2gjlSyhVrQZzKmF7Pj+QLFFPIhjT0xl89hzJSJXfebDwkPCxzYSYrd1M/hHvsJ/KzBCSnkW/MyoodPuwFAHKeiLu2OVWLjEOHaTdT+ycmehS/ixY67UoLZ+91sh7pJgi64NKx3Zx6T25pRRH7blV1Hc7yrYM8oG7ZPxn7oHD6vVVQr/URtdYuFoUBdTpvrLxT0icvdrGXGx6tyYmBQkpPjkkZcp/0Qyydp1n9Uzg8U2mJEtcd1MLx40QVrYBUXmzuU+si6Bjs1kV4r82pIK2yuraa9nn5EZlN/ZMpwEKfDSaGf3fhPyj0IrnCZL5lUjOcuhYpJBModCfZVmmZxcytTjtyWL7pz3Ynxy7C/1JE4g0yJ2xUnVoWILd3tbcE=
    PGSSLMODE: >-
      AgBN8CeXeoHQT8AfqLrzpLkR/mAeswU8se+RvQYjtbjh9h3Nz4MCGXI0uzBENmmo8lOXO+ZBCOh2V0n1wH/0/XtxD+kX7cfOeylCqRoF1ZbNTSEnjW6r2vsY/shdLFMHUXIY8c9yrfi5IvIoWMbPdM9jKT2ghQ7gH60uAtz3Lo8+6284VrHftPkwsIfuW1HEBaWoiAYR4cnWtYKnG/EXiUjj0LC1Q9T9xjYehEmXzK2JYs5g/vHkmxRC/CdufBlGJ0FVcCqSZI1swUhpz2BmfnuBCixnZYXnweeOtLra7ffkV8vwiXLlXSmenLbNxlkLtaq9MrKdR5BvNeCtmJDgO438ASD4xpVUqJoqI2i1CkizTf5NfNOTQbQP2CpaDWXlkqqMF4tsg3Z2TxHjZ/MoPYfBtWonEx1AEhfMKiOGCI4EMJKu1w9ajSruGay64ZJ2eh3LJhA606fEwhXuEHJbNhe2yolFao3EPC6IOGWBHQaA4F0syHUeJxqToi1daYtlBtOqJ120yv01vBIkU27OajyaClqGdMwqTRurUByI02chom3psyKZhIsziqrnbMUPeiatkuHfcq5k16ASNi4rDYl2Ni/xFHGcd6KYn/gi6R9dVffNCUhF7rAo0yt0s3bOUqRB30QOZd9qdp3ouXyFg3Pao/dLuXDTDHkkG/LaAiVU16+3DUr9iLwyb9RCgwIPDIl87ig+9cvN
    PGUSER: >-
      AgDO9HFqbSU1qCWmC8Rc+6+UTdZKFt72BvC4BKqwFihxac5WSZ0wqeL/x9oqlS/ncSMU9Aj4anX/F4yChp915uIVRZ3djyBYHWVSxkfVk5I1Gz2wZjzNBuPpXeBWQFjJaTWKc8c0HP4KHpy4b01/dovn0y4yNpNwIj7Sc1JsNKLZ+OtFTgyhMW8ThqnzzeXLBSYTsFapc2bC1NR2+f9TE3F0NJfFxzFMVEQ66knaUexkd7N8vztmAhtQEV9+YryU92pRrVRaUdikizanwztjjns9HrOle9QUK/++8I+I9fpJxOXYEUMUMkBGsKRNaXDFxaGEs8ColnqhB4IGMAIUYX8Lla7Daoj6vQ2Dv1B+iOc442O0EaW2p3MU2a3J0rCP8E+i4L9FaQwQwPFOgInjaGH1L92RoG+/UV6FiLI7oLmyBdMZ1FRYb3MxB771TOmkTjQ1hzM8MMi4LheOu0zxNkUM0r/GKOpPNEP2seT95ejAZ1zS5TJUtzppUTT05wTaDDdikeb/rMI79l1rYyHu4igsbOw0lbXKP82xxVxBic8HIS4n+odFZSAOXC1zTRS8mhjqES5hyckxPb6OPCwxFNbhHzrHYvf/9zZAJ4gHB2xYS5xLxVJoCCrmvGlwtSvsSdwNeY0aBBrWF140YXm9Mg+2tn51uabT5aN6MwNjMZM9xOJ5CFIkx0ywOiACw30TzU6AwrF2+4Pf8w48Asy0+Ueok0aWoGB4sShm2Ft2Ss+4enJ8vxW+jKiJ6JoVjoZjxoNFwPBhkfHUIrY=
  template:
    metadata:
      annotations:
        sealedsecrets.bitnami.com/cluster-wide: 'true'
        app.github.com/job: '5678'
        app.github.com/ref: refs/tags/v1.2.3
        app.github.com/repo: socialgouv/1000jours
        app.github.com/run: '1234'
        app.github.com/sha: '0123456'
      name: azure-pg-user
      labels:
        application: 1000jours
        component: 1000jours
        owner: 1000jours
        team: 1000jours
        cert: wildcard
    type: Opaque
---
apiVersion: apps/v1
kind: Deployment
metadata:
  annotations:
    kapp.k14s.io/disable-default-ownership-label-rules: ''
    kapp.k14s.io/disable-default-label-scoping-rules: ''
    app.github.com/job: '5678'
    app.github.com/ref: refs/tags/v1.2.3
    app.github.com/repo: socialgouv/1000jours
    app.github.com/run: '1234'
    app.github.com/sha: '0123456'
  labels:
    app: strapi
    application: 1000jours
    component: 1000jours
    owner: 1000jours
    team: 1000jours
    cert: wildcard
  name: strapi
  namespace: 1000jours-preprod
spec:
  replicas: 1
  selector:
    matchLabels:
      app: strapi
  template:
    metadata:
      annotations:
        kapp.k14s.io/disable-default-ownership-label-rules: ''
        kapp.k14s.io/disable-default-label-scoping-rules: ''
        app.github.com/job: '5678'
        app.github.com/ref: refs/tags/v1.2.3
        app.github.com/repo: socialgouv/1000jours
        app.github.com/run: '1234'
        app.github.com/sha: '0123456'
      labels:
        app: strapi
        application: 1000jours
        component: 1000jours
        owner: 1000jours
        team: 1000jours
        cert: wildcard
    spec:
      containers:
        - image: >-
            ghcr.io/socialgouv/nos1000jours/strapi:sha-0123456789abcdefghijklmnopqrstuvwxyz0123
          livenessProbe:
            httpGet:
              path: /_health
              port: http
            initialDelaySeconds: 30
          name: strapi
          ports:
            - containerPort: 1337
              name: http
          readinessProbe:
            httpGet:
              path: /_health
              port: http
            initialDelaySeconds: 30
          resources:
            requests:
              cpu: 5m
              memory: 256Mi
            limits:
              cpu: '1'
              memory: 1Gi
          startupProbe:
            httpGet:
              path: /_health
              port: http
            initialDelaySeconds: 30
          volumeMounts:
            - mountPath: /app/public/uploads
              name: uploads
          envFrom:
            - secretRef:
                name: azure-pg-user
            - secretRef:
                name: strapi
            - configMapRef:
                name: strapi-configmap
          env:
            - name: BACKOFFICE_URL
              value: >-
                https://backoffice-1000jours-preprod.dev2.fabrique.social.gouv.fr
            - name: DATABASE_CLIENT
              value: postgres
            - name: DATABASE_NAME
              value: $(PGDATABASE)
            - name: DATABASE_HOST
              value: $(PGHOST)
            - name: DATABASE_PORT
              value: $(PGPORT)
            - name: DATABASE_USERNAME
              value: $(PGUSER)
            - name: DATABASE_PASSWORD
              value: $(PGPASSWORD)
            - name: DATABASE_SSL
              value: 'true'
      volumes:
        - persistentVolumeClaim:
            claimName: uploads
          name: uploads
      initContainers:
        - env:
            - name: WAIT_FOR_RETRIES
              value: '24'
          envFrom:
            - secretRef:
                name: azure-pg-user
          image: ghcr.io/socialgouv/docker/wait-for-postgres:6.45.0
          imagePullPolicy: Always
          name: wait-for-postgres
          resources:
            limits:
              cpu: 20m
              memory: 32Mi
            requests:
              cpu: 5m
              memory: 16Mi
---
apiVersion: bitnami.com/v1alpha1
kind: SealedSecret
metadata:
  annotations:
    sealedsecrets.bitnami.com/cluster-wide: 'true'
    kapp.k14s.io/disable-default-ownership-label-rules: ''
    kapp.k14s.io/disable-default-label-scoping-rules: ''
    app.github.com/job: '5678'
    app.github.com/ref: refs/tags/v1.2.3
    app.github.com/repo: socialgouv/1000jours
    app.github.com/run: '1234'
    app.github.com/sha: '0123456'
  name: strapi
  labels:
    application: 1000jours
    component: 1000jours
    owner: 1000jours
    team: 1000jours
    cert: wildcard
  namespace: 1000jours-preprod
spec:
  encryptedData:
    MAIL_HOST: >-
      AgCkzyxbx8EQDUu7polzze1ho7/KnHntrEhQsnoFiHYDSg/mAZXtBTy6DchQTbouj4Rw9dTVGfi3jwgV+EFlMxZeUhlGUDmPKmtB2Ws8cSEIwlfaTtHiI7woHcbLEbuEV5qorDs6dbaAA+YTJN0gIq3ISq5iw4tifornQaJjMLXLD3pBIUzq48sg0IwyAsl7xtwPmvlZyXxVlxRTOyRvK2Tn8jeqbJbSCgRT+CHvRfaQqDpeU5oy92bLG5+b+hEyi4TM04U0uJJXwTlBAi6DCmvQXuU9POzCIOSnQfVcMCAUb51XoxUxAPWDxph7w27gn4KAFS4Lr2U2Y8AcdtH/cZ/UYhvhaC3ZNufs0tSulZ163TreOVCbqprwijpDsTz1XTph5BQogqC/KdnVsG4VhnGeze8ey8j1cTf9I7J+eVOy1o2TGNyoMrd9fUIVFd80GwunaRkEQ0/QJZyrueVeZvcDKlfy1hoGNcldrS9zntOnsfBswmm0EY1OGCibOuFardjlkaPqQ7Ic5KE3uw+1z3Y0zpcFVkXXMyuFR8JpHySR81j4I6dw9dfkMQxSPld6HhYAdr6hrYUXl2oPXjN0NMgfpjEO2hWcKlkV+oc76q+M/isiBV4JGhIIPQO2ATh7P5igkYiyke+oGProYcQgNMpvvHQ1GAIfpiYMWR8biBzurfGzqnx1j9iyz13GppCkAKlpg0/I3Qu/t5oU8kEccwsfkw==
    MAIL_PORT: >-
      AgBU6Ow+md++iDP8btzEOAjsdiaD8JjBRal+nnpOACzyAZzWKaU91ExBfBY3hLhnNlYpnJyarFp54IVljdY4UqMStkkYGtVR7SWb4p1TuefF4g4xRsjS61ZHy5zqNritrJsGAPCghdgIQ/L6vAOuqe+L1m+HiH1hGGA6yNyqMlsALPszQQdUjE139HeTBSnSFaCLgc2V26vFCnqExJQa7HrE+X2Qv6hRxuuRcJ88wmqHbCwu/Wj7zrCr9pU4giI2KekDvSq5nwWv3vRaiK4uxng18XKAdtLkZtnlNT2oZx56GchuGuJE7BDZl5H6I92UaCPsluUJMwuv3kOv0lQuJpp+j0nzNwHnTvch4LsWYdgAMAoK/50oDWacAuHl6TKAjy7ikGZ+ii2JEyDn5NR8R93LHvS+W7neBfvYbD9yQvGGahLJAHm/z1iuvDKxmORfJdrb2FLdc8K/JRPH7QATqsrG+N42bMVmXXO+Bg1fo//NWy7MKRJAKKnO8W3LDYr8DtcrXtALtkE0f8nKueRON6JhutpHuUQ+Q+b1tj82qLYb0/08V7sVW87iZWm22UMdFROqqTg3mhqGhSLa/3+5g7njFfYLvmdIknoQlG+F0VsQ3C1w1kI+5ulS2sY+J0zVJ40w2vvvcZ16bl5IEuhmbSvVaDsao7ax3gd6giLJsH2pS7yiqAxnyjGiCbV+K7Th5x3YAUs=
    MAIL_USER: >-
      AgAtGpPaoA+NMQl7zFBmQWay9UGE4LOz7/+2ImqOqdn2JrN9ivqlRamPmriJdpJvtCd2oUfV8jaSkceYgAAkLI4UoWhHDr7shZzSsa29NXOsPvLHVcVh2PgCVPiQRP1LIkNv9N28Xliawbrejo1C6UTsH48kyU9j36DeIxSI/tOpoQ84wcbCueWGKeJ8c04RPRSglkF7jxj6Z3qTF59vet2xRrC5li4+kFlq6+Xj6OLp1R6XZoUJHb53KT7zWh5RJuk7MCUZwz7z7+CbbWrQMy6+27gvZlsCH8Sh0s4EH7LKRXnktNEnXjD5DHaOzYfUCjJNx5iqWyKu/+GHT5tr02sIvi9E3EkjVcXrsWToFtixgRoh/xW3LZAvOFXD1vzRZG0Fy4+I6+1cZBfq+IT4IQp+Q4+bA6EcCTcFMdvpqrIzIUK1eE4nW03HrsTQuPi1NFCNddya2blVIFDV+e8eZEUVPsLF+AXjwdHdbcM/B8yDB5/sVT6pyVyR/r4DBjAsOvtgwPCMA3oS5O/7u1WJhH4WD0C4UFNQkxYL/tLw7PpCrsFCaVPgjUy8v9Wd+dryGPPj3QuUEX3vLR6fW184VCNQuh/f7T7a3ecZ/gqJ++l4WO7L9FkfEtZq9lL/8815SnI1w2BMrbyU9QB1ir18itrzXIRrOQhkKvcVN22o23uGst/x0XqCJVbv2VMJAV+IUuMxrRniCFEyG2sPtZB8p888QUG5ftv/YbmHcfjjRu0TZA==
    MAIL_PASSWORD: >-
      AgAZUR9tqWFIbYlV5063069v6VSR6yEJJcObI7SO0KyQZcq5w31Jk+LiyiSZmo1gaDN0q4Z9zXmMWDokauIMDBtqXD1j4nH8gICxbHnl0iJ00jjSxVgH/fu4zIrBtaZuwPo01H3VOKD6cmz6p391zdooqrALb+HsZHaO2nMhyHx71bA+lAF+TRPn/QxBibnyOX1EPDGWd2Hd8GV7Zw6eHfbT9uN1oGQpSCh8mbq/GbWYxz8W1eJxQkPP0d4CU17M2ZjsZeqQctxIh5woLiSiGvkmY1FwL545y6VJ2+k9LKbDflf/B4UFCqfQ1oxOdXsnYC/imP7Ie1UQBcA2zKKEljPFOvRrT0MTFIIxliyFpNM3R5FJQBza/PhK3Q/wyylSg1VbRm/J/RypMjuBFVBxcXgXc7l1NSpSNi6B3Lao3CPKP/VqiK9E8PuLxHYLwRnqiBLivhXetGAmtfQrrtlb4kRjuQZtQGnQpDl02SwhTslg0sxSLphWJrLQI2vpBG0AT/JiYw6HKAQNMl5Sr/Nn6a4n4ZzuSbMsKDiX6n6ZzC+L7ot7a6mmBVZ7P0hu08jvmUyiz7eOmDR552qVVkI5tmV8Tklio3Sqs6ToHj7XBataDCKsPyMUAyEgDO0zev9vc5tyyDw8xgv4GcABJoTotYYvjDEAzOjuLBkf4J2JOeriCzV11mGZEmcIU1RRvllnaPq+G52qHbS/sTJBIaLUF0QBYl8YxSQx7OgAXjPVZgThkA==
    MAIL_SEND_FROM: >-
      AgB83vkzEHe8ZnUwHl0VxQFnQPtQf0CWAAbutCb6+ce0vxWEj9w6q+4Fsv8Oiv3Q9jLR5OZaqQ4YS7J5/oTJlfyi5BuFqd8xhGWHSxb+LXdtyl/NtnGFwvTFm5dfNv19HDMJdZQM5LN2ebJr8kHaTSXfyesLkIdT/6mSIsXlfZeEw3UqBr1vnp82sPIqnpNZVPl0+WoC7awZDuJs2ozuj8O/G2UMOX1zXMIT9Kn7fhg8z2PY6uRljnNXuHQElA83oRwU6cGbLxzHufXOpJuGVvC/1Ow7P+k8oh0286TpDuNIh8efCLapRcQnez2C2mvbETLX5DjMX1cRY8Un/mxISWkFCGXRTAVj15Fr+J+vCEk+rB7AQKwVLEHbSn8DvydXpxU1K2Iqi3IrDu/zzclQFKMxn6cpiwdMLA78YfH750cxkfVZja5iFHK4Mdnf8TnMRwSAAb6AtjIRLO8Q7X/yEcz9vDh+nJDUfpbLE6EkJPw1XtZDcmJkMwCaB8DAFlFt8fzcwXBuOZX2zRCeK3K/qnv4eyuS//KkklEAxoGMcp9o9FrFlpW5vB2evM+F8QSEJ8/Of+O+y2hMiq6eQRhuaLt0UqwCqdjvQbScgBMK/EwNmEC8NKW7axLqtcuoTHnIR5lHHQ7lGXVcVNcZyu4Zehg6ZQI34u+ddbGFPsC1YtFsWwJlCOb9BGIrNtOF04y2YI9bUCJ8basr9k9/HC+8uOXpdQhcPHyDomPQVRZM8kGt5tc7BZPBmw2gMjo2Tg==
    MAIL_SEND_TO: >-
      AgB6HGBo/JKAQkz6AbWtK/oTGlAlIsZCAE79SF26749lckFq4k/9BDiJfEkLJdpc7nDIIQIDGfzJWAu5JahjIDRNJassryU7ZsfIpleTcxFe7Irh8QmjYMqmzOlMq42aTwwsTwI8LKKBfs/4F65aFe+yRdrydc0odH4RAzUs83MYreepkIdx/qJfIhNYj1zqAEHpzLTDVw4J12yg+UYOlF45jMo8rQnttW08IEpbY2OVkoFHSpU3HUMpY0MIBTBqTT7BAyQZlshITJxdf23kYyYY1dL4kmMxqSz+6Qhzgk6mOSyDiAOW9q78mXpIrZgsS1XCX9KM4Zr0OM/Q716osH/cn0fxSaXCFcTiIz3vp2VlcZput7dNM7wQ7GV9EZBFuJwfafim4z6U/OuTs+R0gD34ZmfheA6VgnI3pB8WzSNP5mmWE41dnEGuiqLx5hN9r5Rj7BwY4zf8Wl+9wKdLLJq0dCgWTNwY5Bu0LrBAHCbxTejpqsdkIO+GN8uhs4ra+VJkAs8P9hysLu8AC7DhGsWyVqtTFQye2XLyos5uzkmGuwRbqBot0PqxI9l7fYBYjD4Xc/ExeOXdDp88Hw1MJuVYSLaXYNCD/k5UuAoFJ3vmIzj8hIwscWquBb7kVfjNn7MygNIvFbX/nRlP41V4munM4jqlbFRQGvaa6OsWfpd8S11aIA3sQGLuFfiO3C+1WpaNhBhmuCknAbaVrjyOymFVaFmJoLsLGQEkxI8=
  template:
    metadata:
      annotations:
        sealedsecrets.bitnami.com/cluster-wide: 'true'
        kapp.k14s.io/disable-default-ownership-label-rules: ''
        kapp.k14s.io/disable-default-label-scoping-rules: ''
        app.github.com/job: '5678'
        app.github.com/ref: refs/tags/v1.2.3
        app.github.com/repo: socialgouv/1000jours
        app.github.com/run: '1234'
        app.github.com/sha: '0123456'
      name: strapi
      labels:
        application: 1000jours
        component: 1000jours
        owner: 1000jours
        team: 1000jours
        cert: wildcard
    type: Opaque
---
apiVersion: v1
kind: ConfigMap
metadata:
  name: strapi-configmap
  annotations:
    kapp.k14s.io/disable-default-ownership-label-rules: ''
    kapp.k14s.io/disable-default-label-scoping-rules: ''
    app.github.com/job: '5678'
    app.github.com/ref: refs/tags/v1.2.3
    app.github.com/repo: socialgouv/1000jours
    app.github.com/run: '1234'
    app.github.com/sha: '0123456'
  labels:
    application: 1000jours
    component: 1000jours
    owner: 1000jours
    team: 1000jours
    cert: wildcard
  namespace: 1000jours-preprod
data:
  STRAPI_LOG_LEVEL: debug
  NODE_ENV: production
---
apiVersion: v1
kind: Service
metadata:
  labels:
    app: strapi
    application: 1000jours
    component: 1000jours
    owner: 1000jours
    team: 1000jours
    cert: wildcard
  name: strapi
  annotations:
    kapp.k14s.io/disable-default-ownership-label-rules: ''
    kapp.k14s.io/disable-default-label-scoping-rules: ''
    app.github.com/job: '5678'
    app.github.com/ref: refs/tags/v1.2.3
    app.github.com/repo: socialgouv/1000jours
    app.github.com/run: '1234'
    app.github.com/sha: '0123456'
  namespace: 1000jours-preprod
spec:
  ports:
    - name: http
      port: 80
      targetPort: 1337
  selector:
    app: strapi
  type: ClusterIP
---
apiVersion: bitnami.com/v1alpha1
kind: SealedSecret
metadata:
  annotations:
    sealedsecrets.bitnami.com/cluster-wide: 'true'
  name: azure-1000jours-volume
spec:
  encryptedData:
    azurestorageaccountkey: >-
      AgASgwrqJJTwfTReL3VNlrenQa04pi/Ul80Bi/gzw5qWi6FbcDjMp+UjzNvGx+EL3VkuNspitCh5L1+Hz+zF49mBjE7joNtIUI5d6rnVkS/DSsei6wthpfU747hEpwSd1ZNNYobmMcmCDtcwX1RrgMcukQqRM/pSCTzLTs8mCvB1AYZ8FaOwOTmnG9R+OzoTIop7HNbgJEyCOdxWY+4UQNHGb3tVLfgE8wpZECYQ1c21kx63vAQyEdHlg6eKaMHqPNHufPhDy6E6cYsUNN/vW5oeeZs6AYeAPiXPMTvIH4OdVUMhPzffP1MdrLbwBOvOb1QQmtomH/nhbttO+2mtEQ4Qp4Aqvh7rtD0sUaS4UONd9gm6FrTpg2WZct5xya5s9VPg1bG3iQnQCZEsfzGIoIbrLo02DadPLQvY/5V/PbmzyK9jrMB0P2M25OvY7noS9c4IJ6p4XlPSGmfkMzYNQcM6KkTJT/794EeQVuu8E/gypTByaSSPgBXjqZJk3MckGATQvQ5YQ1cjPysyTNxAnYDq/ouPIIYiQF6Lg7kSj+N4NZZg5HyMBcOUrDqynG8cBkyHZVuwkS0agxXCk/fxTjG2Vi/gZhNAYbaAi1UPI59hT8xs0uqzuwn4a97tFnvhAD0Y6Sngjv0OLXniLp1D0lpSWwZL0HQCAo/qHea5ifkA1tOavluB5Xmk7BKVioJsNsTfK7kHcf+oeWWq4X9MA0S4Ap0D4a3aQJGu6cB/WR3U80aLYvnYHpUE+iwLRUp6+p0YfTeXXQKYBdqH/UGSzIy4Xzk03yXfbwJ5deWQCoPTYJYAhC+JT7Eq
    azurestorageaccountname: >-
      AgANbUFD/dvNvvdc7tbxYvarpvhi3VQ/qr9V+XO92ZL6hWhQ9dJnMJjMH4tP+8EJCbAoeAPD9gFvrRZZIJlWQip1ONRkDlcHFqEqoa1R/YmbfY9Hx9bAG2vhV4He6dwyRJGXEDD45uh5asL2g/zEh9e7eSJzzDbQbENloOnH/g8y/RUf7d851U8eP2G1fwXbBMLTGCCmuPWhk471rW0E0Dhr340pL6K2iVEfhxUTrhfcgnuotG/wgrkkTyX17DJdTs5xHS63chvf52akk35PRhAFHQXPBK9mcopeLlackGpECcoCMbtO0E63/8MXjj+keoHO6yaWoFtV5nI6E15lSpBRCC9L79/SvdjbYXb2zIOPIlket6Tdeu0wIRY3pza1thaP2cx3XqEMa25M5oRUpSdYt7jiC/63DPTrkpTnuyaIshvcIZ4KUl8YRdGTZOtWSJU6lSMWjhFXNS1Hpf1NZdb3L2uJeOYUesqFTRl0aod65O91Sn2Utfwh2Pvg9ENjQ/yI/3II5Gca1TEINty2KHqMXa3cB5/ZK9yuspLlAnv2cS9Xlm2R4S+EOO43hDPrkzmFDaWwcW+6dmbrJKNlNGKpKJmZ/4ACqh1f2wH6gTlTYodD+M+w946+K02KgWTAVmTmVvySo/okj5o4PDjp2QRU0GDOMgbVr87Yb71VoM5HGesyR9mPPbo+TXsFZVDRjUNLA4QcJle8NP8+fIu/qMw=
  template:
    metadata:
      annotations:
        sealedsecrets.bitnami.com/cluster-wide: 'true'
      name: azure-1000jours-volume
    type: Opaque
---
apiVersion: autoscaling/v2beta2
kind: HorizontalPodAutoscaler
metadata:
  name: strapi
  namespace: 1000jours-preprod
spec:
  maxReplicas: 5
  metrics:
    - resource:
        name: cpu
        target:
          averageUtilization: 100
          type: Utilization
      type: Resource
    - resource:
        name: memory
        target:
          averageUtilization: 100
          type: Utilization
      type: Resource
  minReplicas: 2
  scaleTargetRef:
    apiVersion: apps/v1
    kind: Deployment
    name: strapi
---
apiVersion: v1
kind: PersistentVolumeClaim
metadata:
  name: uploads
  annotations:
    app.github.com/job: '5678'
    app.github.com/ref: refs/tags/v1.2.3
    app.github.com/repo: socialgouv/1000jours
    app.github.com/run: '1234'
    app.github.com/sha: '0123456'
  labels:
    application: 1000jours
    component: 1000jours
    owner: 1000jours
    team: 1000jours
    cert: wildcard
  namespace: 1000jours-preprod
spec:
  accessModes:
    - ReadWriteMany
  resources:
    requests:
      storage: 5Gi
  selector:
    matchLabels:
      usage: 1000jours-uploads
  storageClassName: ''
---
apiVersion: v1
kind: PersistentVolume
metadata:
  labels:
    usage: 1000jours-uploads
    application: 1000jours
    component: 1000jours
    owner: 1000jours
    team: 1000jours
    cert: wildcard
  name: 1000jours-uploads
  annotations:
    app.github.com/job: '5678'
    app.github.com/ref: refs/tags/v1.2.3
    app.github.com/repo: socialgouv/1000jours
    app.github.com/run: '1234'
    app.github.com/sha: '0123456'
  namespace: 1000jours-preprod
spec:
  accessModes:
    - ReadWriteMany
  azureFile:
    secretName: azure-1000jours-volume
    secretNamespace: 1000jours-preprod
    shareName: uploads
  capacity:
    storage: 5Gi
  persistentVolumeReclaimPolicy: Delete
  storageClassName: ''
"
`;
